Microchip MPLAB XC8 Compiler V2.30

Linker command line:

-W-3 --edf=C:\Program Files\Microchip\xc8\v2.30\pic\dat\en_msgs.txt -cn \
  -h+dist/default/production\pic18f47q10-clc-ir-transmitter.X.production.sym \
  --cmf=dist/default/production\pic18f47q10-clc-ir-transmitter.X.production.cmf \
  -z -Q18F47Q10 -oC:\Users\I51005\AppData\Local\Temp\s1jdsx2 \
  --defsym=__MPLAB_BUILD=1 \
  -Mdist/default/production/pic18f47q10-clc-ir-transmitter.X.production.map \
  -E1 -ver=XC8 Compiler --acfsm=1493 -ASTACK=060h-0E1Eh -pstack=STACK \
  -ACODE=00h-01FFFFh -ACONST=00h-01FFFFh -ASMALLCONST=0F00h-0FFFhx497 \
  -AMEDIUMCONST=0F00h-0FFFFh,010F00h-01FFFFh -ACOMRAM=01h-05Fh \
  -AABS1=00h-0E1Eh -ABIGRAM=01h-0E1Eh \
  -ARAM=060h-0FFh,0100h-01FFhx13,0E00h-0E1Eh -ABANK0=060h-0FFh \
  -ABANK1=0100h-01FFh -ABANK2=0200h-02FFh -ABANK3=0300h-03FFh \
  -ABANK4=0400h-04FFh -ABANK5=0500h-05FFh -ABANK6=0600h-06FFh \
  -ABANK7=0700h-07FFh -ABANK8=0800h-08FFh -ABANK9=0900h-09FFh \
  -ABANK10=0A00h-0AFFh -ABANK11=0B00h-0BFFh -ABANK12=0C00h-0CFFh \
  -ABANK13=0D00h-0DFFh -ABANK14=0E00h-0E1Eh \
  -ASFR=0E1Fh-0EFFh,0F00h-0F5Fh,0F60h-0FFFh -ACONFIG=0300000h-030000Bh \
  -AIDLOC=0200000h-02000FFh -AEEDATA=0310000h-03103FFh -peeprom_data=EEDATA \
  -preset_vec=00h,intcode=08h,intcodelo,powerup,init -pramtop=0F00h \
  -psmallconst=SMALLCONST -pmediumconst=MEDIUMCONST -pconst=CONST \
  -AFARRAM=00h-00h \
  -prdata=COMRAM,nvrram=COMRAM,nvbit=COMRAM,rbss=COMRAM,rbit=COMRAM \
  -pfarbss=FARRAM,fardata=FARRAM,nvFARRAM=FARRAM \
  -pintsave_regs=BIGRAM,bigbss=BIGRAM,bigdata=BIGRAM -pbss=RAM \
  -pidata=CODE,irdata=CODE,ibigdata=CODE,ifardata=CODE -prparam=COMRAM \
  C:\Users\I51005\AppData\Local\Temp\s1jdsx8.o \
  dist/default/production\pic18f47q10-clc-ir-transmitter.X.production.o 

Object code version is 3.11

Machine type is 18F47Q10



                Name                               Link     Load   Length Selector   Space Scale
C:\Users\I51005\AppData\Local\Temp\s1jdsx8.o
                idloc                            200000   200000      100        0       5
                config                           300000   300000        C        0       4
                init                                 BE       BE        4        4       0
                reset_vec                             0        0        4        0       0
dist/default/production\pic18f47q10-clc-ir-transmitter.X.production.o
                intcode                               8        8       B6        4       0
                idloc                            200000   200000      100        0       5
                config                           300000   300000        C        0       4
                temp                                 2B       2B        1        1       1
                text43                              83E      83E       22        4       0
                text42                              940      940        A        4       0
                text41                              98E      98E        4        4       0
                text40                              98A      98A        4        4       0
                text39                              6CE      6CE       34        4       0
                text38                              936      936        A        4       0
                text37                              92C      92C        A        4       0
                text36                              69A      69A       34        4       0
                text34                              970      970        6        4       0
                text33                              96A      96A        6        4       0
                text32                              986      986        4        4       0
                text31                              982      982        4        4       0
                text30                              664      664       36        4       0
                text29                              53A      53A       60        4       0
                text28                              59A      59A       52        4       0
                text27                              964      964        6        4       0
                text26                              95E      95E        6        4       0
                text25                              958      958        6        4       0
                text24                              952      952        6        4       0
                text23                              97E      97E        4        4       0
                text22                              97A      97A        4        4       0
                text21                              94A      94A        8        4       0
                text20                               C2       C2      284        4       0
                text19                              346      346      170        4       0
                text18                              762      762       30        4       0
                text17                              7EA      7EA       2C        4       0
                text16                              7BE      7BE       2C        4       0
                text15                              792      792       2C        4       0
                text14                              732      732       30        4       0
                text13                              89A      89A       1C        4       0
                text12                              976      976        4        4       0
                text11                              8B6      8B6       18        4       0
                text10                              4B6      4B6       84        4       0
                text9                               87E      87E       1C        4       0
                text8                               8FA      8FA       16        4       0
                text7                               8E4      8E4       16        4       0
                text6                               91E      91E        E        4       0
                text5                               816      816       28        4       0
                text4                               860      860       1E        4       0
                text3                               910      910        E        4       0
                text2                               702      702       30        4       0
                text1                               5EC      5EC       3E        4       0
                text0                               62A      62A       3A        4       0
                cstackCOMRAM                         16       16        F        1       1
                bssCOMRAM                             1        1       15        1       1
                cinit                               8CE      8CE       16        4       0
                nvCOMRAM                             25       25        6        1       1

TOTAL           Name                               Link     Load   Length     Space
        CLASS   STACK          

        CLASS   CODE           
                intcode                               8        8       B6         0
                init                                 BE       BE        4         0
                reset_vec                             0        0        4         0
                text43                              83E      83E       22         0
                text42                              940      940        A         0
                text41                              98E      98E        4         0
                text40                              98A      98A        4         0
                text39                              6CE      6CE       34         0
                text38                              936      936        A         0
                text37                              92C      92C        A         0
                text36                              69A      69A       34         0
                text34                              970      970        6         0
                text33                              96A      96A        6         0
                text32                              986      986        4         0
                text31                              982      982        4         0
                text30                              664      664       36         0
                text29                              53A      53A       60         0
                text28                              59A      59A       52         0
                text27                              964      964        6         0
                text26                              95E      95E        6         0
                text25                              958      958        6         0
                text24                              952      952        6         0
                text23                              97E      97E        4         0
                text22                              97A      97A        4         0
                text21                              94A      94A        8         0
                text20                               C2       C2      284         0
                text19                              346      346      170         0
                text18                              762      762       30         0
                text17                              7EA      7EA       2C         0
                text16                              7BE      7BE       2C         0
                text15                              792      792       2C         0
                text14                              732      732       30         0
                text13                              89A      89A       1C         0
                text12                              976      976        4         0
                text11                              8B6      8B6       18         0
                text10                              4B6      4B6       84         0
                text9                               87E      87E       1C         0
                text8                               8FA      8FA       16         0
                text7                               8E4      8E4       16         0
                text6                               91E      91E        E         0
                text5                               816      816       28         0
                text4                               860      860       1E         0
                text3                               910      910        E         0
                text2                               702      702       30         0
                text1                               5EC      5EC       3E         0
                text0                               62A      62A       3A         0
                cinit                               8CE      8CE       16         0

        CLASS   CONST          

        CLASS   SMALLCONST     

        CLASS   MEDIUMCONST    

        CLASS   COMRAM         
                temp                                 2B       2B        1         1
                cstackCOMRAM                         16       16        F         1
                bssCOMRAM                             1        1       15         1
                nvCOMRAM                             25       25        6         1

        CLASS   ABS1           

        CLASS   BIGRAM         

        CLASS   RAM            

        CLASS   BANK0          

        CLASS   BANK1          

        CLASS   BANK2          

        CLASS   BANK3          

        CLASS   BANK4          

        CLASS   BANK5          

        CLASS   BANK6          

        CLASS   BANK7          

        CLASS   BANK8          

        CLASS   BANK9          

        CLASS   BANK10         

        CLASS   BANK11         

        CLASS   BANK12         

        CLASS   BANK13         

        CLASS   BANK14         

        CLASS   SFR            

        CLASS   CONFIG         
                config                           300000   300000        C         4

        CLASS   IDLOC          
                idloc                            200000   200000      100         5

        CLASS   EEDATA         

        CLASS   FARRAM         



SEGMENTS        Name                           Load    Length   Top    Selector   Space  Class

                reset_vec                      000000  000004  000004         0       0  CODE    
                bssCOMRAM                      000001  00002B  00002C         1       1  COMRAM  
                intcode                        000008  00098A  000992         4       0  CODE    


UNUSED ADDRESS RANGES

        Name                Unused          Largest block    Delta
        BANK0            000060-0000FF               A0
        BANK1            000100-0001FF              100
        BANK10           000A00-000AFF              100
        BANK11           000B00-000BFF              100
        BANK12           000C00-000CFF              100
        BANK13           000D00-000DFF              100
        BANK14           000E00-000E1E               1F
        BANK2            000200-0002FF              100
        BANK3            000300-0003FF              100
        BANK4            000400-0004FF              100
        BANK5            000500-0005FF              100
        BANK6            000600-0006FF              100
        BANK7            000700-0007FF              100
        BANK8            000800-0008FF              100
        BANK9            000900-0009FF              100
        BIGRAM           00002C-000E1E              DF3
        CODE             000004-000007                4
                         000992-01FFFF            1F66E
        COMRAM           00002C-00005F               34
        CONST            000004-000007                4
                         000992-01FFFF            1F66E
        EEDATA           310000-3103FF              400
        MEDIUMCONST      000F00-00FFFF             F100
                         010F00-01FFFF             F100
        RAM              000060-000E1E              100
        SFR              000E1F-000FFF               E1
        SMALLCONST       000F00-01FFFF              100
        STACK            000060-000E1E              DBF

                                  Symbol Table

?_Prepare_IR_NEC_Data                     cstackCOMRAM 000018
ApplicationTask@button                    bssCOMRAM    000010
ApplicationTask@command                   bssCOMRAM    00000F
ApplicationTask@data                      bssCOMRAM    000005
ApplicationTask@retStatus                 cstackCOMRAM 000024
ApplicationTask@rxAddress                 bssCOMRAM    00000E
ApplicationTask@state                     bssCOMRAM    000011
PrepareNewCMD@newCommand                  cstackCOMRAM 000019
PrepareNewCMD@sw1PressedIndex             bssCOMRAM    00000D
PrepareNewCMD@swNum                       cstackCOMRAM 000018
Prepare_IR_NEC_Data@cmd                   cstackCOMRAM 000018
Prepare_IR_NEC_Data@devAddress            cstackCOMRAM 00001D
Prepare_IR_NEC_Data@retData               cstackCOMRAM 00001E
Reverse@byteVar                           cstackCOMRAM 00001A
SendIR_Frame@IR_Data                      cstackCOMRAM 000019
SendIR_Frame@bitCounter                   bssCOMRAM    00000B
SendIR_Frame@logicState                   bssCOMRAM    00000C
SendIR_Frame@numOfBitsToSend              cstackCOMRAM 00001D
SendIR_Frame@retValue                     cstackCOMRAM 000020
SendIR_Frame@tempData                     bssCOMRAM    000001
TMR0_SetInterruptHandler@InterruptHandler cstackCOMRAM 000018
TMR0_WriteTimer@timerVal                  cstackCOMRAM 000018
TMR4_SetInterruptHandler@InterruptHandler cstackCOMRAM 000018
_ANSELA                                   (abs)        000F0C
_ANSELB                                   (abs)        000F14
_ANSELC                                   (abs)        000F1C
_ANSELD                                   (abs)        000F21
_ANSELE                                   (abs)        000F29
_ApplicationTask                          text19       000346
_CCPTMRSbits                              (abs)        000FAD
_CLC1CON                                  (abs)        000E27
_CLC1CONbits                              (abs)        000E27
_CLC1GLS0                                 (abs)        000E2D
_CLC1GLS1                                 (abs)        000E2E
_CLC1GLS2                                 (abs)        000E2F
_CLC1GLS3                                 (abs)        000E30
_CLC1POL                                  (abs)        000E28
_CLC1POLbits                              (abs)        000E28
_CLC1SEL0                                 (abs)        000E29
_CLC1SEL1                                 (abs)        000E2A
_CLC1SEL2                                 (abs)        000E2B
_CLC1SEL3                                 (abs)        000E2C
_CLC1_ISR                                 text43       00083E
_CLC1_Initialize                          text18       000762
_CLC2CON                                  (abs)        000E31
_CLC2CONbits                              (abs)        000E31
_CLC2GLS0                                 (abs)        000E37
_CLC2GLS1                                 (abs)        000E38
_CLC2GLS2                                 (abs)        000E39
_CLC2GLS3                                 (abs)        000E3A
_CLC2POL                                  (abs)        000E32
_CLC2POLbits                              (abs)        000E32
_CLC2SEL0                                 (abs)        000E33
_CLC2SEL1                                 (abs)        000E34
_CLC2SEL2                                 (abs)        000E35
_CLC2SEL3                                 (abs)        000E36
_CLC2_Initialize                          text17       0007EA
_CLC3CON                                  (abs)        000E3B
_CLC3CONbits                              (abs)        000E3B
_CLC3GLS0                                 (abs)        000E41
_CLC3GLS1                                 (abs)        000E42
_CLC3GLS2                                 (abs)        000E43
_CLC3GLS3                                 (abs)        000E44
_CLC3POL                                  (abs)        000E3C
_CLC3POLbits                              (abs)        000E3C
_CLC3SEL0                                 (abs)        000E3D
_CLC3SEL1                                 (abs)        000E3E
_CLC3SEL2                                 (abs)        000E3F
_CLC3SEL3                                 (abs)        000E40
_CLC3_Initialize                          text16       0007BE
_CLC4CON                                  (abs)        000E45
_CLC4CONbits                              (abs)        000E45
_CLC4GLS0                                 (abs)        000E4B
_CLC4GLS1                                 (abs)        000E4C
_CLC4GLS2                                 (abs)        000E4D
_CLC4GLS3                                 (abs)        000E4E
_CLC4POL                                  (abs)        000E46
_CLC4SEL0                                 (abs)        000E47
_CLC4SEL1                                 (abs)        000E48
_CLC4SEL2                                 (abs)        000E49
_CLC4SEL3                                 (abs)        000E4A
_CLC4_Initialize                          text15       000792
_CLC5CON                                  (abs)        000E4F
_CLC5CONbits                              (abs)        000E4F
_CLC5GLS0                                 (abs)        000E55
_CLC5GLS1                                 (abs)        000E56
_CLC5GLS2                                 (abs)        000E57
_CLC5GLS3                                 (abs)        000E58
_CLC5POL                                  (abs)        000E50
_CLC5SEL0                                 (abs)        000E51
_CLC5SEL1                                 (abs)        000E52
_CLC5SEL2                                 (abs)        000E53
_CLC5SEL3                                 (abs)        000E54
_CLC5_ISR                                 text42       000940
_CLC5_Initialize                          text14       000732
_CLCIN0PPS                                (abs)        000E1F
_ClearButton                              text34       000970
_ClearEvent                               text33       00096A
_DSM_Initialize                           text13       00089A
_DSM_ManualModulationClear                text27       000964
_DSM_ManualModulationSet                  text26       00095E
_DSM_ModulationStart                      text25       000958
_DSM_ModulationStop                       text24       000952
_GetButton                                text32       000986
_GetEvent                                 text31       000982
_INLVLA                                   (abs)        000F08
_INLVLB                                   (abs)        000F10
_INLVLC                                   (abs)        000F18
_INLVLD                                   (abs)        000F1D
_INLVLE                                   (abs)        000F25
_INTCONbits                               (abs)        000FF2
_INTERRUPT_Initialize                     text12       000976
_INTERRUPT_InterruptManager               intcode      000008
_LATA                                     (abs)        000F82
_LATB                                     (abs)        000F83
_LATC                                     (abs)        000F84
_LATD                                     (abs)        000F85
_LATE                                     (abs)        000F86
_LATEbits                                 (abs)        000F86
_MDCARH                                   (abs)        000F50
_MDCARL                                   (abs)        000F4F
_MDCON0bits                               (abs)        000F4C
_MDCON1bits                               (abs)        000F4D
_MDSRC                                    (abs)        000F4E
_ODCONA                                   (abs)        000F0A
_ODCONB                                   (abs)        000F12
_ODCONC                                   (abs)        000F1A
_ODCOND                                   (abs)        000F1F
_ODCONE                                   (abs)        000F27
_OSCCON1                                  (abs)        000ED3
_OSCCON3                                  (abs)        000ED5
_OSCEN                                    (abs)        000ED7
_OSCFRQ                                   (abs)        000ED9
_OSCILLATOR_Initialize                    text11       0008B6
_OSCTUNE                                  (abs)        000ED8
_PIE0bits                                 (abs)        000EBD
_PIE4bits                                 (abs)        000EC1
_PIE5bits                                 (abs)        000EC2
_PIE6bits                                 (abs)        000EC3
_PIN_MANAGER_Initialize                   text10       0004B6
_PIR0bits                                 (abs)        000EC5
_PIR4bits                                 (abs)        000EC9
_PIR5bits                                 (abs)        000ECA
_PIR6bits                                 (abs)        000ECB
_PMD0                                     (abs)        000EDC
_PMD1                                     (abs)        000EDD
_PMD2                                     (abs)        000EDE
_PMD3                                     (abs)        000EDF
_PMD4                                     (abs)        000EE0
_PMD5                                     (abs)        000EE1
_PMD_Initialize                           text9        00087E
_PR2                                      (abs)        000FBB
_PR4                                      (abs)        000FB5
_PWM3CON                                  (abs)        000FA4
_PWM3DCH                                  (abs)        000FA3
_PWM3DCL                                  (abs)        000FA2
_PWM3_Initialize                          text8        0008FA
_PWM4CON                                  (abs)        000FA1
_PWM4DCH                                  (abs)        000FA0
_PWM4DCL                                  (abs)        000F9F
_PWM4_Initialize                          text7        0008E4
_PrepareNewCMD                            text30       000664
_Prepare_IR_NEC_Data                      text29       00053A
_RA3PPS                                   (abs)        000EE5
_Reverse                                  text28       00059A
_SLRCONA                                  (abs)        000F09
_SLRCONB                                  (abs)        000F11
_SLRCONC                                  (abs)        000F19
_SLRCOND                                  (abs)        000F1E
_SLRCONE                                  (abs)        000F26
_SYSTEM_Initialize                        text1        0005EC
_SendIR_Frame                             text20       0000C2
_T0CON0                                   (abs)        000FD4
_T0CON0bits                               (abs)        000FD4
_T0CON1                                   (abs)        000FD5
_T0CON1bits                               (abs)        000FD5
_T2CLKCON                                 (abs)        000FBE
_T2CON                                    (abs)        000FBC
_T2CONbits                                (abs)        000FBC
_T2HLT                                    (abs)        000FBD
_T2HLTbits                                (abs)        000FBD
_T2PR                                     (abs)        000FBB
_T2RST                                    (abs)        000FBF
_T2RSTbits                                (abs)        000FBF
_T2TMR                                    (abs)        000FBA
_T4CLKCON                                 (abs)        000FB8
_T4CON                                    (abs)        000FB6
_T4CONbits                                (abs)        000FB6
_T4HLT                                    (abs)        000FB7
_T4HLTbits                                (abs)        000FB7
_T4INPPS                                  (abs)        000EA7
_T4PR                                     (abs)        000FB5
_T4RST                                    (abs)        000FB9
_T4RSTbits                                (abs)        000FB9
_T4TMR                                    (abs)        000FB4
_TMR0H                                    (abs)        000FD3
_TMR0L                                    (abs)        000FD2
_TMR0_DefaultInterruptHandler             text40       00098A
_TMR0_ISR                                 text39       0006CE
_TMR0_Initialize                          text5        000816
_TMR0_InterruptHandler                    nvCOMRAM     000028
_TMR0_SetInterruptHandler                 text6        00091E
_TMR0_StartTimer                          text23       00097E
_TMR0_StopTimer                           text22       00097A
_TMR0_UserInterruptHandler                text41       00098E
_TMR0_WriteTimer                          text21       00094A
_TMR2                                     (abs)        000FBA
_TMR2_Initialize                          text4        000860
_TMR4                                     (abs)        000FB4
_TMR4_DefaultInterruptHandler             text37       00092C
_TMR4_ISR                                 text36       00069A
_TMR4_Initialize                          text2        000702
_TMR4_InterruptHandler                    nvCOMRAM     000025
_TMR4_SetInterruptHandler                 text3        000910
_TMR4_UserInterruptHandler                text38       000936
_TRISA                                    (abs)        000F87
_TRISB                                    (abs)        000F88
_TRISC                                    (abs)        000F89
_TRISD                                    (abs)        000F8A
_TRISE                                    (abs)        000F8B
_WPUA                                     (abs)        000F0B
_WPUB                                     (abs)        000F13
_WPUC                                     (abs)        000F1B
_WPUD                                     (abs)        000F20
_WPUE                                     (abs)        000F28
__HRAM                                    (abs)        000000
__Habs1                                   abs1         000000
__Hbank0                                  bank0        000000
__Hbank1                                  bank1        000000
__Hbank10                                 bank10       000000
__Hbank11                                 bank11       000000
__Hbank12                                 bank12       000000
__Hbank13                                 bank13       000000
__Hbank14                                 bank14       000000
__Hbank2                                  bank2        000000
__Hbank3                                  bank3        000000
__Hbank4                                  bank4        000000
__Hbank5                                  bank5        000000
__Hbank6                                  bank6        000000
__Hbank7                                  bank7        000000
__Hbank8                                  bank8        000000
__Hbank9                                  bank9        000000
__Hbigbss                                 bigbss       000000
__Hbigdata                                bigdata      000000
__Hbigram                                 bigram       000000
__Hbss                                    bss          000000
__HbssCOMRAM                              bssCOMRAM    000000
__Hcinit                                  cinit        000000
__Hclrtext                                clrtext      000000
__Hcomram                                 comram       000000
__Hconfig                                 config       30000C
__Hconst                                  const        000000
__HcstackCOMRAM                           cstackCOMRAM 000000
__Hdata                                   data         000000
__Heeprom_data                            eeprom_data  000000
__Hfarbss                                 farbss       000000
__Hfardata                                fardata      000000
__Hibigdata                               ibigdata     000000
__Hidata                                  idata        000000
__Hidloc                                  idloc        200100
__Hifardata                               ifardata     000000
__Hinit                                   init         0000C2
__Hintcode                                intcode      0000BE
__Hintcode_body                           intcode_body 000000
__Hintcodelo                              intcodelo    0000BE
__Hintentry                               intentry     000000
__Hintret                                 intret       000000
__Hintsave_regs                           intsave_regs 000000
__Hirdata                                 irdata       000000
__Hmediumconst                            mediumconst  000000
__HnvCOMRAM                               nvCOMRAM     000000
__HnvFARRAM                               nvFARRAM     000000
__Hnvbit                                  nvbit        000000
__Hnvrram                                 nvrram       000000
__Hparam                                  rparam       000000
__Hpowerup                                powerup      0000BE
__Hram                                    ram          000000
__Hramtop                                 ramtop       000F00
__Hrbit                                   rbit         000000
__Hrbss                                   rbss         000000
__Hrdata                                  rdata        000000
__Hreset_vec                              reset_vec    000004
__Hrparam                                 rparam       000000
__Hsfr                                    sfr          000000
__Hsmallconst                             smallconst   000000
__Hspace_0                                (abs)        000F00
__Hspace_1                                (abs)        00002C
__Hspace_2                                (abs)        000000
__Hspace_4                                (abs)        60000C
__Hstack                                  stack        000000
__Hstruct                                 struct       000000
__Htemp                                   temp         00002C
__Htext                                   text         000000
__Htext0                                  text0        000000
__Htext1                                  text1        000000
__Htext10                                 text10       000000
__Htext11                                 text11       000000
__Htext12                                 text12       000000
__Htext13                                 text13       000000
__Htext14                                 text14       000000
__Htext15                                 text15       000000
__Htext16                                 text16       000000
__Htext17                                 text17       000000
__Htext18                                 text18       000000
__Htext19                                 text19       000000
__Htext2                                  text2        000000
__Htext20                                 text20       000000
__Htext21                                 text21       000000
__Htext22                                 text22       000000
__Htext23                                 text23       000000
__Htext24                                 text24       000000
__Htext25                                 text25       000000
__Htext26                                 text26       000000
__Htext27                                 text27       000000
__Htext28                                 text28       000000
__Htext29                                 text29       000000
__Htext3                                  text3        000000
__Htext30                                 text30       000000
__Htext31                                 text31       000000
__Htext32                                 text32       000000
__Htext33                                 text33       000000
__Htext34                                 text34       000000
__Htext36                                 text36       000000
__Htext37                                 text37       000000
__Htext38                                 text38       000000
__Htext39                                 text39       000000
__Htext4                                  text4        000000
__Htext40                                 text40       000000
__Htext41                                 text41       000000
__Htext42                                 text42       000000
__Htext43                                 text43       000000
__Htext44                                 text44       000000
__Htext5                                  text5        000000
__Htext6                                  text6        000000
__Htext7                                  text7        000000
__Htext8                                  text8        000000
__Htext9                                  text9        000000
__LRAM                                    (abs)        000001
__Labs1                                   abs1         000000
__Lbank0                                  bank0        000000
__Lbank1                                  bank1        000000
__Lbank10                                 bank10       000000
__Lbank11                                 bank11       000000
__Lbank12                                 bank12       000000
__Lbank13                                 bank13       000000
__Lbank14                                 bank14       000000
__Lbank2                                  bank2        000000
__Lbank3                                  bank3        000000
__Lbank4                                  bank4        000000
__Lbank5                                  bank5        000000
__Lbank6                                  bank6        000000
__Lbank7                                  bank7        000000
__Lbank8                                  bank8        000000
__Lbank9                                  bank9        000000
__Lbigbss                                 bigbss       000000
__Lbigdata                                bigdata      000000
__Lbigram                                 bigram       000000
__Lbss                                    bss          000000
__LbssCOMRAM                              bssCOMRAM    000000
__Lcinit                                  cinit        000000
__Lclrtext                                clrtext      000000
__Lcomram                                 comram       000000
__Lconfig                                 config       000000
__Lconst                                  const        000000
__LcstackCOMRAM                           cstackCOMRAM 000000
__Ldata                                   data         000000
__Leeprom_data                            eeprom_data  000000
__Lfarbss                                 farbss       000000
__Lfardata                                fardata      000000
__Libigdata                               ibigdata     000000
__Lidata                                  idata        000000
__Lidloc                                  idloc        000000
__Lifardata                               ifardata     000000
__Linit                                   init         0000BE
__Lintcode                                intcode      000008
__Lintcode_body                           intcode_body 000000
__Lintcodelo                              intcodelo    0000BE
__Lintentry                               intentry     000000
__Lintret                                 intret       000000
__Lintsave_regs                           intsave_regs 000000
__Lirdata                                 irdata       000000
__Lmediumconst                            mediumconst  000000
__LnvCOMRAM                               nvCOMRAM     000000
__LnvFARRAM                               nvFARRAM     000000
__Lnvbit                                  nvbit        000000
__Lnvrram                                 nvrram       000000
__Lparam                                  rparam       000000
__Lpowerup                                powerup      0000BE
__Lram                                    ram          000000
__Lramtop                                 ramtop       000F00
__Lrbit                                   rbit         000000
__Lrbss                                   rbss         000000
__Lrdata                                  rdata        000000
__Lreset_vec                              reset_vec    000000
__Lrparam                                 rparam       000000
__Lsfr                                    sfr          000000
__Lsmallconst                             smallconst   000000
__Lspace_0                                (abs)        000000
__Lspace_1                                (abs)        000000
__Lspace_2                                (abs)        000000
__Lspace_4                                (abs)        000000
__Lstack                                  stack        000000
__Lstruct                                 struct       000000
__Ltemp                                   temp         00002B
__Ltext                                   text         000000
__Ltext0                                  text0        000000
__Ltext1                                  text1        000000
__Ltext10                                 text10       000000
__Ltext11                                 text11       000000
__Ltext12                                 text12       000000
__Ltext13                                 text13       000000
__Ltext14                                 text14       000000
__Ltext15                                 text15       000000
__Ltext16                                 text16       000000
__Ltext17                                 text17       000000
__Ltext18                                 text18       000000
__Ltext19                                 text19       000000
__Ltext2                                  text2        000000
__Ltext20                                 text20       000000
__Ltext21                                 text21       000000
__Ltext22                                 text22       000000
__Ltext23                                 text23       000000
__Ltext24                                 text24       000000
__Ltext25                                 text25       000000
__Ltext26                                 text26       000000
__Ltext27                                 text27       000000
__Ltext28                                 text28       000000
__Ltext29                                 text29       000000
__Ltext3                                  text3        000000
__Ltext30                                 text30       000000
__Ltext31                                 text31       000000
__Ltext32                                 text32       000000
__Ltext33                                 text33       000000
__Ltext34                                 text34       000000
__Ltext36                                 text36       000000
__Ltext37                                 text37       000000
__Ltext38                                 text38       000000
__Ltext39                                 text39       000000
__Ltext4                                  text4        000000
__Ltext40                                 text40       000000
__Ltext41                                 text41       000000
__Ltext42                                 text42       000000
__Ltext43                                 text43       000000
__Ltext44                                 text44       000000
__Ltext5                                  text5        000000
__Ltext6                                  text6        000000
__Ltext7                                  text7        000000
__Ltext8                                  text8        000000
__Ltext9                                  text9        000000
__S0                                      (abs)        000992
__S1                                      (abs)        00002C
__S2                                      (abs)        000000
__S4                                      (abs)        000000
__S5                                      (abs)        000000
___inthi_sp                               stack        000000
___intlo_sp                               stack        000000
___param_bank                             (abs)        000000
___rparam_used                            (abs)        000001
___sp                                     stack        000000
__accesstop                               (abs)        000060
__activetblptr                            (abs)        000003
__end_of_ApplicationTask                  text19       0004B6
__end_of_CLC1_ISR                         text43       000860
__end_of_CLC1_Initialize                  text18       000792
__end_of_CLC2_Initialize                  text17       000816
__end_of_CLC3_Initialize                  text16       0007EA
__end_of_CLC4_Initialize                  text15       0007BE
__end_of_CLC5_ISR                         text42       00094A
__end_of_CLC5_Initialize                  text14       000762
__end_of_ClearButton                      text34       000976
__end_of_ClearEvent                       text33       000970
__end_of_DSM_Initialize                   text13       0008B6
__end_of_DSM_ManualModulationClear        text27       00096A
__end_of_DSM_ManualModulationSet          text26       000964
__end_of_DSM_ModulationStart              text25       00095E
__end_of_DSM_ModulationStop               text24       000958
__end_of_GetButton                        text32       00098A
__end_of_GetEvent                         text31       000986
__end_of_INTERRUPT_Initialize             text12       00097A
__end_of_INTERRUPT_InterruptManager       intcode      0000BE
__end_of_OSCILLATOR_Initialize            text11       0008CE
__end_of_PIN_MANAGER_Initialize           text10       00053A
__end_of_PMD_Initialize                   text9        00089A
__end_of_PWM3_Initialize                  text8        000910
__end_of_PWM4_Initialize                  text7        0008FA
__end_of_PrepareNewCMD                    text30       00069A
__end_of_Prepare_IR_NEC_Data              text29       00059A
__end_of_Reverse                          text28       0005EC
__end_of_SYSTEM_Initialize                text1        00062A
__end_of_SendIR_Frame                     text20       000346
__end_of_TMR0_DefaultInterruptHandler     text40       00098E
__end_of_TMR0_ISR                         text39       000702
__end_of_TMR0_Initialize                  text5        00083E
__end_of_TMR0_SetInterruptHandler         text6        00092C
__end_of_TMR0_StartTimer                  text23       000982
__end_of_TMR0_StopTimer                   text22       00097E
__end_of_TMR0_UserInterruptHandler        text41       000992
__end_of_TMR0_WriteTimer                  text21       000952
__end_of_TMR2_Initialize                  text4        00087E
__end_of_TMR4_DefaultInterruptHandler     text37       000936
__end_of_TMR4_ISR                         text36       0006CE
__end_of_TMR4_Initialize                  text2        000732
__end_of_TMR4_SetInterruptHandler         text3        00091E
__end_of_TMR4_UserInterruptHandler        text38       000940
__end_of__initialization                  cinit        0008DA
__end_of_main                             text0        000664
__initialization                          cinit        0008CE
__mediumconst                             mediumconst  000000
__pbssCOMRAM                              bssCOMRAM    000001
__pcinit                                  cinit        0008CE
__pcstackCOMRAM                           cstackCOMRAM 000016
__pintcode                                intcode      000008
__pnvCOMRAM                               nvCOMRAM     000025
__ptext0                                  text0        00062A
__ptext1                                  text1        0005EC
__ptext10                                 text10       0004B6
__ptext11                                 text11       0008B6
__ptext12                                 text12       000976
__ptext13                                 text13       00089A
__ptext14                                 text14       000732
__ptext15                                 text15       000792
__ptext16                                 text16       0007BE
__ptext17                                 text17       0007EA
__ptext18                                 text18       000762
__ptext19                                 text19       000346
__ptext2                                  text2        000702
__ptext20                                 text20       0000C2
__ptext21                                 text21       00094A
__ptext22                                 text22       00097A
__ptext23                                 text23       00097E
__ptext24                                 text24       000952
__ptext25                                 text25       000958
__ptext26                                 text26       00095E
__ptext27                                 text27       000964
__ptext28                                 text28       00059A
__ptext29                                 text29       00053A
__ptext3                                  text3        000910
__ptext30                                 text30       000664
__ptext31                                 text31       000982
__ptext32                                 text32       000986
__ptext33                                 text33       00096A
__ptext34                                 text34       000970
__ptext36                                 text36       00069A
__ptext37                                 text37       00092C
__ptext38                                 text38       000936
__ptext39                                 text39       0006CE
__ptext4                                  text4        000860
__ptext40                                 text40       00098A
__ptext41                                 text41       00098E
__ptext42                                 text42       000940
__ptext43                                 text43       00083E
__ptext44                                 text44       000000
__ptext5                                  text5        000816
__ptext6                                  text6        00091E
__ptext7                                  text7        0008E4
__ptext8                                  text8        0008FA
__ptext9                                  text9        00087E
__ramtop                                  ramtop       000F00
__size_of_ApplicationTask                 (abs)        000000
__size_of_CLC1_ISR                        (abs)        000000
__size_of_CLC1_Initialize                 (abs)        000000
__size_of_CLC2_Initialize                 (abs)        000000
__size_of_CLC3_Initialize                 (abs)        000000
__size_of_CLC4_Initialize                 (abs)        000000
__size_of_CLC5_ISR                        (abs)        000000
__size_of_CLC5_Initialize                 (abs)        000000
__size_of_ClearButton                     (abs)        000000
__size_of_ClearEvent                      (abs)        000000
__size_of_DSM_Initialize                  (abs)        000000
__size_of_DSM_ManualModulationClear       (abs)        000000
__size_of_DSM_ManualModulationSet         (abs)        000000
__size_of_DSM_ModulationStart             (abs)        000000
__size_of_DSM_ModulationStop              (abs)        000000
__size_of_GetButton                       (abs)        000000
__size_of_GetEvent                        (abs)        000000
__size_of_INTERRUPT_Initialize            (abs)        000000
__size_of_INTERRUPT_InterruptManager      (abs)        000000
__size_of_OSCILLATOR_Initialize           (abs)        000000
__size_of_PIN_MANAGER_Initialize          (abs)        000000
__size_of_PMD_Initialize                  (abs)        000000
__size_of_PWM3_Initialize                 (abs)        000000
__size_of_PWM4_Initialize                 (abs)        000000
__size_of_PrepareNewCMD                   (abs)        000000
__size_of_Prepare_IR_NEC_Data             (abs)        000000
__size_of_Reverse                         (abs)        000000
__size_of_SYSTEM_Initialize               (abs)        000000
__size_of_SendIR_Frame                    (abs)        000000
__size_of_TMR0_DefaultInterruptHandler    (abs)        000000
__size_of_TMR0_ISR                        (abs)        000000
__size_of_TMR0_Initialize                 (abs)        000000
__size_of_TMR0_SetInterruptHandler        (abs)        000000
__size_of_TMR0_StartTimer                 (abs)        000000
__size_of_TMR0_StopTimer                  (abs)        000000
__size_of_TMR0_UserInterruptHandler       (abs)        000000
__size_of_TMR0_WriteTimer                 (abs)        000000
__size_of_TMR2_Initialize                 (abs)        000000
__size_of_TMR4_DefaultInterruptHandler    (abs)        000000
__size_of_TMR4_ISR                        (abs)        000000
__size_of_TMR4_Initialize                 (abs)        000000
__size_of_TMR4_SetInterruptHandler        (abs)        000000
__size_of_TMR4_UserInterruptHandler       (abs)        000000
__size_of_main                            (abs)        000000
__smallconst                              smallconst   000000
_clc1FirstRisingEdge                      bssCOMRAM    000015
_clc1risingEdgeFlag                       bssCOMRAM    000014
_clc5RisingEdgeFlag                       bssCOMRAM    000012
_event                                    bssCOMRAM    000009
_main                                     text0        00062A
_timer0overflowFlag                       bssCOMRAM    000013
btemp                                     temp         00002B
end_of_initialization                     cinit        0008DA
int$flags                                 temp         00002B
intlevel0                                 text         000000
intlevel1                                 text         000000
intlevel2                                 text         000000
intlevel3                                 text         000000
stackhi                                   (abs)        000E1E
stacklo                                   (abs)        000060
start                                     init         0000BE
start_initialization                      cinit        0008CE
ttemp5                                    temp         00002C
ttemp6                                    temp         00002F
ttemp7                                    temp         000033
wtemp8                                    temp         00002C


FUNCTION INFORMATION:

 *************** function _main *****************
 Defined at:
		line 51 in file "main.c"
 Parameters:    Size  Location     Type
		None
 Auto vars:     Size  Location     Type
		None
 Return value:  Size  Location     Type
                  1    wreg      void 
 Registers used:
		wreg, status,2, status,0, cstack
 Tracked objects:
		On entry : 
		On exit  : 
		Unchanged: 
 Data sizes:     COMRAM   BANK0   BANK1   BANK2   BANK3   BANK4   BANK5   BANK6   BANK7   BANK8   BANK9  BANK10  BANK11  BANK12  BANK13  BANK14
      Params:         0       0       0       0       0       0       0       0       0       0       0       0       0       0       0       0
      Locals:         0       0       0       0       0       0       0       0       0       0       0       0       0       0       0       0
      Temps:          0       0       0       0       0       0       0       0       0       0       0       0       0       0       0       0
      Totals:         0       0       0       0       0       0       0       0       0       0       0       0       0       0       0       0
Total ram usage:        0 bytes
 Hardware stack levels required when called:    6
 This function calls:
		_ApplicationTask
		_SYSTEM_Initialize
		_TMR0_SetInterruptHandler
		_TMR4_SetInterruptHandler
 This function is called by:
		Startup code after reset
 This function uses a non-reentrant model


 *************** function _SYSTEM_Initialize *****************
 Defined at:
		line 50 in file "mcc_generated_files/mcc.c"
 Parameters:    Size  Location     Type
		None
 Auto vars:     Size  Location     Type
		None
 Return value:  Size  Location     Type
                  1    wreg      void 
 Registers used:
		wreg, status,2, status,0, cstack
 Tracked objects:
		On entry : 
		On exit  : 
		Unchanged: 
 Data sizes:     COMRAM   BANK0   BANK1   BANK2   BANK3   BANK4   BANK5   BANK6   BANK7   BANK8   BANK9  BANK10  BANK11  BANK12  BANK13  BANK14
      Params:         0       0       0       0       0       0       0       0       0       0       0       0       0       0       0       0
      Locals:         0       0       0       0       0       0       0       0       0       0       0       0       0       0       0       0
      Temps:          0       0       0       0       0       0       0       0       0       0       0       0       0       0       0       0
      Totals:         0       0       0       0       0       0       0       0       0       0       0       0       0       0       0       0
Total ram usage:        0 bytes
 Hardware stack levels used:    1
 Hardware stack levels required when called:    5
 This function calls:
		_CLC1_Initialize
		_CLC2_Initialize
		_CLC3_Initialize
		_CLC4_Initialize
		_CLC5_Initialize
		_DSM_Initialize
		_INTERRUPT_Initialize
		_OSCILLATOR_Initialize
		_PIN_MANAGER_Initialize
		_PMD_Initialize
		_PWM3_Initialize
		_PWM4_Initialize
		_TMR0_Initialize
		_TMR2_Initialize
		_TMR4_Initialize
 This function is called by:
		_main
 This function uses a non-reentrant model


 *************** function _TMR4_Initialize *****************
 Defined at:
		line 67 in file "mcc_generated_files/tmr4.c"
 Parameters:    Size  Location     Type
		None
 Auto vars:     Size  Location     Type
		None
 Return value:  Size  Location     Type
                  1    wreg      void 
 Registers used:
		wreg, status,2, status,0, cstack
 Tracked objects:
		On entry : 
		On exit  : 
		Unchanged: 
 Data sizes:     COMRAM   BANK0   BANK1   BANK2   BANK3   BANK4   BANK5   BANK6   BANK7   BANK8   BANK9  BANK10  BANK11  BANK12  BANK13  BANK14
      Params:         0       0       0       0       0       0       0       0       0       0       0       0       0       0       0       0
      Locals:         0       0       0       0       0       0       0       0       0       0       0       0       0       0       0       0
      Temps:          0       0       0       0       0       0       0       0       0       0       0       0       0       0       0       0
      Totals:         0       0       0       0       0       0       0       0       0       0       0       0       0       0       0       0
Total ram usage:        0 bytes
 Hardware stack levels used:    1
 Hardware stack levels required when called:    4
 This function calls:
		_TMR4_SetInterruptHandler
 This function is called by:
		_SYSTEM_Initialize
 This function uses a non-reentrant model


 *************** function _TMR4_SetInterruptHandler *****************
 Defined at:
		line 181 in file "mcc_generated_files/tmr4.c"
 Parameters:    Size  Location     Type
  InterruptHan    3    2[COMRAM] PTR FTN()void 
		 -> TMR4_UserInterruptHandler(1), TMR4_DefaultInterruptHandler(1), 
 Auto vars:     Size  Location     Type
		None
 Return value:  Size  Location     Type
                  1    wreg      void 
 Registers used:
		wreg, status,2, status,0
 Tracked objects:
		On entry : 
		On exit  : 
		Unchanged: 
 Data sizes:     COMRAM   BANK0   BANK1   BANK2   BANK3   BANK4   BANK5   BANK6   BANK7   BANK8   BANK9  BANK10  BANK11  BANK12  BANK13  BANK14
      Params:         3       0       0       0       0       0       0       0       0       0       0       0       0       0       0       0
      Locals:         0       0       0       0       0       0       0       0       0       0       0       0       0       0       0       0
      Temps:          0       0       0       0       0       0       0       0       0       0       0       0       0       0       0       0
      Totals:         3       0       0       0       0       0       0       0       0       0       0       0       0       0       0       0
Total ram usage:        3 bytes
 Hardware stack levels used:    1
 Hardware stack levels required when called:    3
 This function calls:
		Nothing
 This function is called by:
		_TMR4_Initialize
		_main
 This function uses a non-reentrant model


 *************** function _TMR2_Initialize *****************
 Defined at:
		line 62 in file "mcc_generated_files/tmr2.c"
 Parameters:    Size  Location     Type
		None
 Auto vars:     Size  Location     Type
		None
 Return value:  Size  Location     Type
                  1    wreg      void 
 Registers used:
		wreg, status,2
 Tracked objects:
		On entry : 
		On exit  : 
		Unchanged: 
 Data sizes:     COMRAM   BANK0   BANK1   BANK2   BANK3   BANK4   BANK5   BANK6   BANK7   BANK8   BANK9  BANK10  BANK11  BANK12  BANK13  BANK14
      Params:         0       0       0       0       0       0       0       0       0       0       0       0       0       0       0       0
      Locals:         0       0       0       0       0       0       0       0       0       0       0       0       0       0       0       0
      Temps:          0       0       0       0       0       0       0       0       0       0       0       0       0       0       0       0
      Totals:         0       0       0       0       0       0       0       0       0       0       0       0       0       0       0       0
Total ram usage:        0 bytes
 Hardware stack levels used:    1
 Hardware stack levels required when called:    3
 This function calls:
		Nothing
 This function is called by:
		_SYSTEM_Initialize
 This function uses a non-reentrant model


 *************** function _TMR0_Initialize *****************
 Defined at:
		line 62 in file "mcc_generated_files/tmr0.c"
 Parameters:    Size  Location     Type
		None
 Auto vars:     Size  Location     Type
		None
 Return value:  Size  Location     Type
                  1    wreg      void 
 Registers used:
		wreg, status,2, status,0, cstack
 Tracked objects:
		On entry : 
		On exit  : 
		Unchanged: 
 Data sizes:     COMRAM   BANK0   BANK1   BANK2   BANK3   BANK4   BANK5   BANK6   BANK7   BANK8   BANK9  BANK10  BANK11  BANK12  BANK13  BANK14
      Params:         0       0       0       0       0       0       0       0       0       0       0       0       0       0       0       0
      Locals:         0       0       0       0       0       0       0       0       0       0       0       0       0       0       0       0
      Temps:          0       0       0       0       0       0       0       0       0       0       0       0       0       0       0       0
      Totals:         0       0       0       0       0       0       0       0       0       0       0       0       0       0       0       0
Total ram usage:        0 bytes
 Hardware stack levels used:    1
 Hardware stack levels required when called:    4
 This function calls:
		_TMR0_SetInterruptHandler
 This function is called by:
		_SYSTEM_Initialize
 This function uses a non-reentrant model


 *************** function _TMR0_SetInterruptHandler *****************
 Defined at:
		line 135 in file "mcc_generated_files/tmr0.c"
 Parameters:    Size  Location     Type
  InterruptHan    3    2[COMRAM] PTR FTN()void 
		 -> TMR0_UserInterruptHandler(1), TMR0_DefaultInterruptHandler(1), 
 Auto vars:     Size  Location     Type
		None
 Return value:  Size  Location     Type
                  1    wreg      void 
 Registers used:
		wreg, status,2, status,0
 Tracked objects:
		On entry : 
		On exit  : 
		Unchanged: 
 Data sizes:     COMRAM   BANK0   BANK1   BANK2   BANK3   BANK4   BANK5   BANK6   BANK7   BANK8   BANK9  BANK10  BANK11  BANK12  BANK13  BANK14
      Params:         3       0       0       0       0       0       0       0       0       0       0       0       0       0       0       0
      Locals:         0       0       0       0       0       0       0       0       0       0       0       0       0       0       0       0
      Temps:          0       0       0       0       0       0       0       0       0       0       0       0       0       0       0       0
      Totals:         3       0       0       0       0       0       0       0       0       0       0       0       0       0       0       0
Total ram usage:        3 bytes
 Hardware stack levels used:    1
 Hardware stack levels required when called:    3
 This function calls:
		Nothing
 This function is called by:
		_TMR0_Initialize
		_main
 This function uses a non-reentrant model


 *************** function _PWM4_Initialize *****************
 Defined at:
		line 58 in file "mcc_generated_files/pwm4.c"
 Parameters:    Size  Location     Type
		None
 Auto vars:     Size  Location     Type
		None
 Return value:  Size  Location     Type
                  1    wreg      void 
 Registers used:
		wreg, status,2
 Tracked objects:
		On entry : 
		On exit  : 
		Unchanged: 
 Data sizes:     COMRAM   BANK0   BANK1   BANK2   BANK3   BANK4   BANK5   BANK6   BANK7   BANK8   BANK9  BANK10  BANK11  BANK12  BANK13  BANK14
      Params:         0       0       0       0       0       0       0       0       0       0       0       0       0       0       0       0
      Locals:         0       0       0       0       0       0       0       0       0       0       0       0       0       0       0       0
      Temps:          0       0       0       0       0       0       0       0       0       0       0       0       0       0       0       0
      Totals:         0       0       0       0       0       0       0       0       0       0       0       0       0       0       0       0
Total ram usage:        0 bytes
 Hardware stack levels used:    1
 Hardware stack levels required when called:    3
 This function calls:
		Nothing
 This function is called by:
		_SYSTEM_Initialize
 This function uses a non-reentrant model


 *************** function _PWM3_Initialize *****************
 Defined at:
		line 58 in file "mcc_generated_files/pwm3.c"
 Parameters:    Size  Location     Type
		None
 Auto vars:     Size  Location     Type
		None
 Return value:  Size  Location     Type
                  1    wreg      void 
 Registers used:
		wreg, status,2
 Tracked objects:
		On entry : 
		On exit  : 
		Unchanged: 
 Data sizes:     COMRAM   BANK0   BANK1   BANK2   BANK3   BANK4   BANK5   BANK6   BANK7   BANK8   BANK9  BANK10  BANK11  BANK12  BANK13  BANK14
      Params:         0       0       0       0       0       0       0       0       0       0       0       0       0       0       0       0
      Locals:         0       0       0       0       0       0       0       0       0       0       0       0       0       0       0       0
      Temps:          0       0       0       0       0       0       0       0       0       0       0       0       0       0       0       0
      Totals:         0       0       0       0       0       0       0       0       0       0       0       0       0       0       0       0
Total ram usage:        0 bytes
 Hardware stack levels used:    1
 Hardware stack levels required when called:    3
 This function calls:
		Nothing
 This function is called by:
		_SYSTEM_Initialize
 This function uses a non-reentrant model


 *************** function _PMD_Initialize *****************
 Defined at:
		line 85 in file "mcc_generated_files/mcc.c"
 Parameters:    Size  Location     Type
		None
 Auto vars:     Size  Location     Type
		None
 Return value:  Size  Location     Type
                  1    wreg      void 
 Registers used:
		wreg, status,2
 Tracked objects:
		On entry : 
		On exit  : 
		Unchanged: 
 Data sizes:     COMRAM   BANK0   BANK1   BANK2   BANK3   BANK4   BANK5   BANK6   BANK7   BANK8   BANK9  BANK10  BANK11  BANK12  BANK13  BANK14
      Params:         0       0       0       0       0       0       0       0       0       0       0       0       0       0       0       0
      Locals:         0       0       0       0       0       0       0       0       0       0       0       0       0       0       0       0
      Temps:          0       0       0       0       0       0       0       0       0       0       0       0       0       0       0       0
      Totals:         0       0       0       0       0       0       0       0       0       0       0       0       0       0       0       0
Total ram usage:        0 bytes
 Hardware stack levels used:    1
 Hardware stack levels required when called:    3
 This function calls:
		Nothing
 This function is called by:
		_SYSTEM_Initialize
 This function uses a non-reentrant model


 *************** function _PIN_MANAGER_Initialize *****************
 Defined at:
		line 55 in file "mcc_generated_files/pin_manager.c"
 Parameters:    Size  Location     Type
		None
 Auto vars:     Size  Location     Type
		None
 Return value:  Size  Location     Type
                  1    wreg      void 
 Registers used:
		wreg, status,2
 Tracked objects:
		On entry : 
		On exit  : 
		Unchanged: 
 Data sizes:     COMRAM   BANK0   BANK1   BANK2   BANK3   BANK4   BANK5   BANK6   BANK7   BANK8   BANK9  BANK10  BANK11  BANK12  BANK13  BANK14
      Params:         0       0       0       0       0       0       0       0       0       0       0       0       0       0       0       0
      Locals:         0       0       0       0       0       0       0       0       0       0       0       0       0       0       0       0
      Temps:          0       0       0       0       0       0       0       0       0       0       0       0       0       0       0       0
      Totals:         0       0       0       0       0       0       0       0       0       0       0       0       0       0       0       0
Total ram usage:        0 bytes
 Hardware stack levels used:    1
 Hardware stack levels required when called:    3
 This function calls:
		Nothing
 This function is called by:
		_SYSTEM_Initialize
 This function uses a non-reentrant model


 *************** function _OSCILLATOR_Initialize *****************
 Defined at:
		line 71 in file "mcc_generated_files/mcc.c"
 Parameters:    Size  Location     Type
		None
 Auto vars:     Size  Location     Type
		None
 Return value:  Size  Location     Type
                  1    wreg      void 
 Registers used:
		wreg, status,2
 Tracked objects:
		On entry : 
		On exit  : 
		Unchanged: 
 Data sizes:     COMRAM   BANK0   BANK1   BANK2   BANK3   BANK4   BANK5   BANK6   BANK7   BANK8   BANK9  BANK10  BANK11  BANK12  BANK13  BANK14
      Params:         0       0       0       0       0       0       0       0       0       0       0       0       0       0       0       0
      Locals:         0       0       0       0       0       0       0       0       0       0       0       0       0       0       0       0
      Temps:          0       0       0       0       0       0       0       0       0       0       0       0       0       0       0       0
      Totals:         0       0       0       0       0       0       0       0       0       0       0       0       0       0       0       0
Total ram usage:        0 bytes
 Hardware stack levels used:    1
 Hardware stack levels required when called:    3
 This function calls:
		Nothing
 This function is called by:
		_SYSTEM_Initialize
 This function uses a non-reentrant model


 *************** function _INTERRUPT_Initialize *****************
 Defined at:
		line 52 in file "mcc_generated_files/interrupt_manager.c"
 Parameters:    Size  Location     Type
		None
 Auto vars:     Size  Location     Type
		None
 Return value:  Size  Location     Type
                  1    wreg      void 
 Registers used:
		None
 Tracked objects:
		On entry : 
		On exit  : 
		Unchanged: 
 Data sizes:     COMRAM   BANK0   BANK1   BANK2   BANK3   BANK4   BANK5   BANK6   BANK7   BANK8   BANK9  BANK10  BANK11  BANK12  BANK13  BANK14
      Params:         0       0       0       0       0       0       0       0       0       0       0       0       0       0       0       0
      Locals:         0       0       0       0       0       0       0       0       0       0       0       0       0       0       0       0
      Temps:          0       0       0       0       0       0       0       0       0       0       0       0       0       0       0       0
      Totals:         0       0       0       0       0       0       0       0       0       0       0       0       0       0       0       0
Total ram usage:        0 bytes
 Hardware stack levels used:    1
 Hardware stack levels required when called:    3
 This function calls:
		Nothing
 This function is called by:
		_SYSTEM_Initialize
 This function uses a non-reentrant model


 *************** function _DSM_Initialize *****************
 Defined at:
		line 58 in file "mcc_generated_files/dsm.c"
 Parameters:    Size  Location     Type
		None
 Auto vars:     Size  Location     Type
		None
 Return value:  Size  Location     Type
                  1    wreg      void 
 Registers used:
		wreg, status,2
 Tracked objects:
		On entry : 
		On exit  : 
		Unchanged: 
 Data sizes:     COMRAM   BANK0   BANK1   BANK2   BANK3   BANK4   BANK5   BANK6   BANK7   BANK8   BANK9  BANK10  BANK11  BANK12  BANK13  BANK14
      Params:         0       0       0       0       0       0       0       0       0       0       0       0       0       0       0       0
      Locals:         0       0       0       0       0       0       0       0       0       0       0       0       0       0       0       0
      Temps:          0       0       0       0       0       0       0       0       0       0       0       0       0       0       0       0
      Totals:         0       0       0       0       0       0       0       0       0       0       0       0       0       0       0       0
Total ram usage:        0 bytes
 Hardware stack levels used:    1
 Hardware stack levels required when called:    3
 This function calls:
		Nothing
 This function is called by:
		_SYSTEM_Initialize
 This function uses a non-reentrant model


 *************** function _CLC5_Initialize *****************
 Defined at:
		line 60 in file "mcc_generated_files/clc5.c"
 Parameters:    Size  Location     Type
		None
 Auto vars:     Size  Location     Type
		None
 Return value:  Size  Location     Type
                  1    wreg      void 
 Registers used:
		wreg, status,2
 Tracked objects:
		On entry : 
		On exit  : 
		Unchanged: 
 Data sizes:     COMRAM   BANK0   BANK1   BANK2   BANK3   BANK4   BANK5   BANK6   BANK7   BANK8   BANK9  BANK10  BANK11  BANK12  BANK13  BANK14
      Params:         0       0       0       0       0       0       0       0       0       0       0       0       0       0       0       0
      Locals:         0       0       0       0       0       0       0       0       0       0       0       0       0       0       0       0
      Temps:          0       0       0       0       0       0       0       0       0       0       0       0       0       0       0       0
      Totals:         0       0       0       0       0       0       0       0       0       0       0       0       0       0       0       0
Total ram usage:        0 bytes
 Hardware stack levels used:    1
 Hardware stack levels required when called:    3
 This function calls:
		Nothing
 This function is called by:
		_SYSTEM_Initialize
 This function uses a non-reentrant model


 *************** function _CLC4_Initialize *****************
 Defined at:
		line 58 in file "mcc_generated_files/clc4.c"
 Parameters:    Size  Location     Type
		None
 Auto vars:     Size  Location     Type
		None
 Return value:  Size  Location     Type
                  1    wreg      void 
 Registers used:
		wreg, status,2
 Tracked objects:
		On entry : 
		On exit  : 
		Unchanged: 
 Data sizes:     COMRAM   BANK0   BANK1   BANK2   BANK3   BANK4   BANK5   BANK6   BANK7   BANK8   BANK9  BANK10  BANK11  BANK12  BANK13  BANK14
      Params:         0       0       0       0       0       0       0       0       0       0       0       0       0       0       0       0
      Locals:         0       0       0       0       0       0       0       0       0       0       0       0       0       0       0       0
      Temps:          0       0       0       0       0       0       0       0       0       0       0       0       0       0       0       0
      Totals:         0       0       0       0       0       0       0       0       0       0       0       0       0       0       0       0
Total ram usage:        0 bytes
 Hardware stack levels used:    1
 Hardware stack levels required when called:    3
 This function calls:
		Nothing
 This function is called by:
		_SYSTEM_Initialize
 This function uses a non-reentrant model


 *************** function _CLC3_Initialize *****************
 Defined at:
		line 58 in file "mcc_generated_files/clc3.c"
 Parameters:    Size  Location     Type
		None
 Auto vars:     Size  Location     Type
		None
 Return value:  Size  Location     Type
                  1    wreg      void 
 Registers used:
		wreg, status,2
 Tracked objects:
		On entry : 
		On exit  : 
		Unchanged: 
 Data sizes:     COMRAM   BANK0   BANK1   BANK2   BANK3   BANK4   BANK5   BANK6   BANK7   BANK8   BANK9  BANK10  BANK11  BANK12  BANK13  BANK14
      Params:         0       0       0       0       0       0       0       0       0       0       0       0       0       0       0       0
      Locals:         0       0       0       0       0       0       0       0       0       0       0       0       0       0       0       0
      Temps:          0       0       0       0       0       0       0       0       0       0       0       0       0       0       0       0
      Totals:         0       0       0       0       0       0       0       0       0       0       0       0       0       0       0       0
Total ram usage:        0 bytes
 Hardware stack levels used:    1
 Hardware stack levels required when called:    3
 This function calls:
		Nothing
 This function is called by:
		_SYSTEM_Initialize
 This function uses a non-reentrant model


 *************** function _CLC2_Initialize *****************
 Defined at:
		line 58 in file "mcc_generated_files/clc2.c"
 Parameters:    Size  Location     Type
		None
 Auto vars:     Size  Location     Type
		None
 Return value:  Size  Location     Type
                  1    wreg      void 
 Registers used:
		wreg, status,2
 Tracked objects:
		On entry : 
		On exit  : 
		Unchanged: 
 Data sizes:     COMRAM   BANK0   BANK1   BANK2   BANK3   BANK4   BANK5   BANK6   BANK7   BANK8   BANK9  BANK10  BANK11  BANK12  BANK13  BANK14
      Params:         0       0       0       0       0       0       0       0       0       0       0       0       0       0       0       0
      Locals:         0       0       0       0       0       0       0       0       0       0       0       0       0       0       0       0
      Temps:          0       0       0       0       0       0       0       0       0       0       0       0       0       0       0       0
      Totals:         0       0       0       0       0       0       0       0       0       0       0       0       0       0       0       0
Total ram usage:        0 bytes
 Hardware stack levels used:    1
 Hardware stack levels required when called:    3
 This function calls:
		Nothing
 This function is called by:
		_SYSTEM_Initialize
 This function uses a non-reentrant model


 *************** function _CLC1_Initialize *****************
 Defined at:
		line 61 in file "mcc_generated_files/clc1.c"
 Parameters:    Size  Location     Type
		None
 Auto vars:     Size  Location     Type
		None
 Return value:  Size  Location     Type
                  1    wreg      void 
 Registers used:
		wreg, status,2
 Tracked objects:
		On entry : 
		On exit  : 
		Unchanged: 
 Data sizes:     COMRAM   BANK0   BANK1   BANK2   BANK3   BANK4   BANK5   BANK6   BANK7   BANK8   BANK9  BANK10  BANK11  BANK12  BANK13  BANK14
      Params:         0       0       0       0       0       0       0       0       0       0       0       0       0       0       0       0
      Locals:         0       0       0       0       0       0       0       0       0       0       0       0       0       0       0       0
      Temps:          0       0       0       0       0       0       0       0       0       0       0       0       0       0       0       0
      Totals:         0       0       0       0       0       0       0       0       0       0       0       0       0       0       0       0
Total ram usage:        0 bytes
 Hardware stack levels used:    1
 Hardware stack levels required when called:    3
 This function calls:
		Nothing
 This function is called by:
		_SYSTEM_Initialize
 This function uses a non-reentrant model


 *************** function _ApplicationTask *****************
 Defined at:
		line 37 in file "application.c"
 Parameters:    Size  Location     Type
		None
 Auto vars:     Size  Location     Type
  retStatus       1   14[COMRAM] unsigned char 
 Return value:  Size  Location     Type
[...]
 Hardware stack levels used:    1
 Hardware stack levels required when called:    3
 This function calls:
		Nothing
 This function is called by:
		_ApplicationTask
 This function uses a non-reentrant model


 *************** function _GetButton *****************
 Defined at:
		line 403 in file "application.c"
 Parameters:    Size  Location     Type
		None
 Auto vars:     Size  Location     Type
		None
 Return value:  Size  Location     Type
                  1    wreg      enum E12898
 Registers used:
		wreg, status,2
 Tracked objects:
		On entry : 
		On exit  : 
		Unchanged: 
 Data sizes:     COMRAM   BANK0   BANK1   BANK2   BANK3   BANK4   BANK5   BANK6   BANK7   BANK8   BANK9  BANK10  BANK11  BANK12  BANK13  BANK14
      Params:         0       0       0       0       0       0       0       0       0       0       0       0       0       0       0       0
      Locals:         0       0       0       0       0       0       0       0       0       0       0       0       0       0       0       0
      Temps:          0       0       0       0       0       0       0       0       0       0       0       0       0       0       0       0
      Totals:         0       0       0       0       0       0       0       0       0       0       0       0       0       0       0       0
Total ram usage:        0 bytes
 Hardware stack levels used:    1
 Hardware stack levels required when called:    3
 This function calls:
		Nothing
 This function is called by:
		_ApplicationTask
 This function uses a non-reentrant model


 *************** function _ClearEvent *****************
 Defined at:
		line 388 in file "application.c"
 Parameters:    Size  Location     Type
		None
 Auto vars:     Size  Location     Type
		None
 Return value:  Size  Location     Type
                  1    wreg      void 
 Registers used:
		wreg, status,2
 Tracked objects:
		On entry : 
		On exit  : 
		Unchanged: 
 Data sizes:     COMRAM   BANK0   BANK1   BANK2   BANK3   BANK4   BANK5   BANK6   BANK7   BANK8   BANK9  BANK10  BANK11  BANK12  BANK13  BANK14
      Params:         0       0       0       0       0       0       0       0       0       0       0       0       0       0       0       0
      Locals:         0       0       0       0       0       0       0       0       0       0       0       0       0       0       0       0
      Temps:          0       0       0       0       0       0       0       0       0       0       0       0       0       0       0       0
      Totals:         0       0       0       0       0       0       0       0       0       0       0       0       0       0       0       0
Total ram usage:        0 bytes
 Hardware stack levels used:    1
 Hardware stack levels required when called:    3
 This function calls:
		Nothing
 This function is called by:
		_ApplicationTask
 This function uses a non-reentrant model


 *************** function _ClearButton *****************
 Defined at:
		line 419 in file "application.c"
 Parameters:    Size  Location     Type
		None
 Auto vars:     Size  Location     Type
		None
 Return value:  Size  Location     Type
                  1    wreg      void 
 Registers used:
		wreg, status,2
 Tracked objects:
		On entry : 
		On exit  : 
		Unchanged: 
 Data sizes:     COMRAM   BANK0   BANK1   BANK2   BANK3   BANK4   BANK5   BANK6   BANK7   BANK8   BANK9  BANK10  BANK11  BANK12  BANK13  BANK14
      Params:         0       0       0       0       0       0       0       0       0       0       0       0       0       0       0       0
      Locals:         0       0       0       0       0       0       0       0       0       0       0       0       0       0       0       0
      Temps:          0       0       0       0       0       0       0       0       0       0       0       0       0       0       0       0
      Totals:         0       0       0       0       0       0       0       0       0       0       0       0       0       0       0       0
Total ram usage:        0 bytes
 Hardware stack levels used:    1
 Hardware stack levels required when called:    3
 This function calls:
		Nothing
 This function is called by:
		_ApplicationTask
 This function uses a non-reentrant model


 *************** function _INTERRUPT_InterruptManager *****************
 Defined at:
		line 58 in file "mcc_generated_files/interrupt_manager.c"
 Parameters:    Size  Location     Type
		None
 Auto vars:     Size  Location     Type
		None
 Return value:  Size  Location     Type
                  1    wreg      void 
 Registers used:
		wreg, status,2, status,0, pclath, tosl, cstack
 Tracked objects:
		On entry : 
		On exit  : 
		Unchanged: 
 Data sizes:     COMRAM   BANK0   BANK1   BANK2   BANK3   BANK4   BANK5   BANK6   BANK7   BANK8   BANK9  BANK10  BANK11  BANK12  BANK13  BANK14
      Params:         0       0       0       0       0       0       0       0       0       0       0       0       0       0       0       0
      Locals:         0       0       0       0       0       0       0       0       0       0       0       0       0       0       0       0
      Temps:          2       0       0       0       0       0       0       0       0       0       0       0       0       0       0       0
      Totals:         2       0       0       0       0       0       0       0       0       0       0       0       0       0       0       0
Total ram usage:        2 bytes
 Hardware stack levels used:    1
 Hardware stack levels required when called:    2
 This function calls:
		_CLC1_ISR
		_CLC5_ISR
		_TMR0_ISR
		_TMR4_ISR
 This function is called by:
		Interrupt level 2
 This function uses a non-reentrant model


 *************** function _TMR4_ISR *****************
 Defined at:
		line 168 in file "mcc_generated_files/tmr4.c"
 Parameters:    Size  Location     Type
		None
 Auto vars:     Size  Location     Type
		None
 Return value:  Size  Location     Type
                  1    wreg      void 
 Registers used:
		wreg, status,2, status,0, pclath, tosl, cstack
 Tracked objects:
		On entry : 
		On exit  : 
		Unchanged: 
 Data sizes:     COMRAM   BANK0   BANK1   BANK2   BANK3   BANK4   BANK5   BANK6   BANK7   BANK8   BANK9  BANK10  BANK11  BANK12  BANK13  BANK14
      Params:         0       0       0       0       0       0       0       0       0       0       0       0       0       0       0       0
      Locals:         0       0       0       0       0       0       0       0       0       0       0       0       0       0       0       0
      Temps:          0       0       0       0       0       0       0       0       0       0       0       0       0       0       0       0
      Totals:         0       0       0       0       0       0       0       0       0       0       0       0       0       0       0       0
Total ram usage:        0 bytes
 Hardware stack levels used:    1
 Hardware stack levels required when called:    1
 This function calls:
		Absolute function
		_TMR4_DefaultInterruptHandler
		_TMR4_UserInterruptHandler
 This function is called by:
		_INTERRUPT_InterruptManager
 This function uses a non-reentrant model


 *************** function _TMR4_DefaultInterruptHandler *****************
 Defined at:
		line 185 in file "mcc_generated_files/tmr4.c"
 Parameters:    Size  Location     Type
		None
 Auto vars:     Size  Location     Type
		None
 Return value:  Size  Location     Type
                  1    wreg      void 
 Registers used:
		wreg, status,2
 Tracked objects:
		On entry : 
		On exit  : 
		Unchanged: 
 Data sizes:     COMRAM   BANK0   BANK1   BANK2   BANK3   BANK4   BANK5   BANK6   BANK7   BANK8   BANK9  BANK10  BANK11  BANK12  BANK13  BANK14
      Params:         0       0       0       0       0       0       0       0       0       0       0       0       0       0       0       0
      Locals:         0       0       0       0       0       0       0       0       0       0       0       0       0       0       0       0
      Temps:          0       0       0       0       0       0       0       0       0       0       0       0       0       0       0       0
      Totals:         0       0       0       0       0       0       0       0       0       0       0       0       0       0       0       0
Total ram usage:        0 bytes
 Hardware stack levels used:    1
 This function calls:
		Nothing
 This function is called by:
		_TMR4_Initialize
		_TMR4_ISR
 This function uses a non-reentrant model


 *************** function _TMR4_UserInterruptHandler *****************
 Defined at:
		line 445 in file "application.c"
 Parameters:    Size  Location     Type
		None
 Auto vars:     Size  Location     Type
		None
 Return value:  Size  Location     Type
                  1    wreg      void 
 Registers used:
		wreg, status,2
 Tracked objects:
		On entry : 
		On exit  : 
		Unchanged: 
 Data sizes:     COMRAM   BANK0   BANK1   BANK2   BANK3   BANK4   BANK5   BANK6   BANK7   BANK8   BANK9  BANK10  BANK11  BANK12  BANK13  BANK14
      Params:         0       0       0       0       0       0       0       0       0       0       0       0       0       0       0       0
      Locals:         0       0       0       0       0       0       0       0       0       0       0       0       0       0       0       0
      Temps:          0       0       0       0       0       0       0       0       0       0       0       0       0       0       0       0
      Totals:         0       0       0       0       0       0       0       0       0       0       0       0       0       0       0       0
Total ram usage:        0 bytes
 Hardware stack levels used:    1
 This function calls:
		Nothing
 This function is called by:
		_main
		_TMR4_ISR
 This function uses a non-reentrant model


 *************** function _TMR0_ISR *****************
 Defined at:
		line 122 in file "mcc_generated_files/tmr0.c"
 Parameters:    Size  Location     Type
		None
 Auto vars:     Size  Location     Type
		None
 Return value:  Size  Location     Type
                  1    wreg      void 
 Registers used:
		wreg, status,2, status,0, pclath, tosl, cstack
 Tracked objects:
		On entry : 
		On exit  : 
		Unchanged: 
 Data sizes:     COMRAM   BANK0   BANK1   BANK2   BANK3   BANK4   BANK5   BANK6   BANK7   BANK8   BANK9  BANK10  BANK11  BANK12  BANK13  BANK14
      Params:         0       0       0       0       0       0       0       0       0       0       0       0       0       0       0       0
      Locals:         0       0       0       0       0       0       0       0       0       0       0       0       0       0       0       0
      Temps:          0       0       0       0       0       0       0       0       0       0       0       0       0       0       0       0
      Totals:         0       0       0       0       0       0       0       0       0       0       0       0       0       0       0       0
Total ram usage:        0 bytes
 Hardware stack levels used:    1
 Hardware stack levels required when called:    1
 This function calls:
		Absolute function
		_TMR0_DefaultInterruptHandler
		_TMR0_UserInterruptHandler
 This function is called by:
		_INTERRUPT_InterruptManager
 This function uses a non-reentrant model


 *************** function _TMR0_DefaultInterruptHandler *****************
 Defined at:
		line 139 in file "mcc_generated_files/tmr0.c"
 Parameters:    Size  Location     Type
		None
 Auto vars:     Size  Location     Type
		None
 Return value:  Size  Location     Type
                  1    wreg      void 
 Registers used:
		status,2, status,0
 Tracked objects:
		On entry : 
		On exit  : 
		Unchanged: 
 Data sizes:     COMRAM   BANK0   BANK1   BANK2   BANK3   BANK4   BANK5   BANK6   BANK7   BANK8   BANK9  BANK10  BANK11  BANK12  BANK13  BANK14
      Params:         0       0       0       0       0       0       0       0       0       0       0       0       0       0       0       0
      Locals:         0       0       0       0       0       0       0       0       0       0       0       0       0       0       0       0
      Temps:          0       0       0       0       0       0       0       0       0       0       0       0       0       0       0       0
      Totals:         0       0       0       0       0       0       0       0       0       0       0       0       0       0       0       0
Total ram usage:        0 bytes
 Hardware stack levels used:    1
 This function calls:
		Nothing
 This function is called by:
		_TMR0_Initialize
		_TMR0_ISR
 This function uses a non-reentrant model


 *************** function _TMR0_UserInterruptHandler *****************
 Defined at:
		line 432 in file "application.c"
 Parameters:    Size  Location     Type
		None
 Auto vars:     Size  Location     Type
		None
 Return value:  Size  Location     Type
                  1    wreg      void 
 Registers used:
		status,2, status,0
 Tracked objects:
		On entry : 
		On exit  : 
		Unchanged: 
 Data sizes:     COMRAM   BANK0   BANK1   BANK2   BANK3   BANK4   BANK5   BANK6   BANK7   BANK8   BANK9  BANK10  BANK11  BANK12  BANK13  BANK14
      Params:         0       0       0       0       0       0       0       0       0       0       0       0       0       0       0       0
      Locals:         0       0       0       0       0       0       0       0       0       0       0       0       0       0       0       0
      Temps:          0       0       0       0       0       0       0       0       0       0       0       0       0       0       0       0
      Totals:         0       0       0       0       0       0       0       0       0       0       0       0       0       0       0       0
Total ram usage:        0 bytes
 Hardware stack levels used:    1
 This function calls:
		Nothing
 This function is called by:
		_main
		_TMR0_ISR
 This function uses a non-reentrant model


 *************** function _CLC5_ISR *****************
 Defined at:
		line 91 in file "mcc_generated_files/clc5.c"
 Parameters:    Size  Location     Type
		None
 Auto vars:     Size  Location     Type
		None
 Return value:  Size  Location     Type
                  1    wreg      void 
 Registers used:
		wreg, status,2
 Tracked objects:
		On entry : 
		On exit  : 
		Unchanged: 
 Data sizes:     COMRAM   BANK0   BANK1   BANK2   BANK3   BANK4   BANK5   BANK6   BANK7   BANK8   BANK9  BANK10  BANK11  BANK12  BANK13  BANK14
      Params:         0       0       0       0       0       0       0       0       0       0       0       0       0       0       0       0
      Locals:         0       0       0       0       0       0       0       0       0       0       0       0       0       0       0       0
      Temps:          0       0       0       0       0       0       0       0       0       0       0       0       0       0       0       0
      Totals:         0       0       0       0       0       0       0       0       0       0       0       0       0       0       0       0
Total ram usage:        0 bytes
 Hardware stack levels used:    1
 This function calls:
		Nothing
 This function is called by:
		_INTERRUPT_InterruptManager
 This function uses a non-reentrant model


 *************** function _CLC1_ISR *****************
 Defined at:
		line 92 in file "mcc_generated_files/clc1.c"
 Parameters:    Size  Location     Type
		None
 Auto vars:     Size  Location     Type
		None
 Return value:  Size  Location     Type
                  1    wreg      void 
 Registers used:
		wreg, status,2
 Tracked objects:
		On entry : 
		On exit  : 
		Unchanged: 
 Data sizes:     COMRAM   BANK0   BANK1   BANK2   BANK3   BANK4   BANK5   BANK6   BANK7   BANK8   BANK9  BANK10  BANK11  BANK12  BANK13  BANK14
      Params:         0       0       0       0       0       0       0       0       0       0       0       0       0       0       0       0
      Locals:         0       0       0       0       0       0       0       0       0       0       0       0       0       0       0       0
      Temps:          0       0       0       0       0       0       0       0       0       0       0       0       0       0       0       0
      Totals:         0       0       0       0       0       0       0       0       0       0       0       0       0       0       0       0
Total ram usage:        0 bytes
 Hardware stack levels used:    1
 This function calls:
		Nothing
 This function is called by:
		_INTERRUPT_InterruptManager
 This function uses a non-reentrant model



MODULE INFORMATION

Module		Function		Class		Link	Load	Size
mcc_generated_files/tmr4.c
		_TMR4_ISR      		CODE           	069A	0000	52
		_TMR4_Initialize		CODE           	0702	0000	48
		_TMR4_SetInterruptHandler		CODE           	0910	0000	14
		_TMR4_DefaultInterruptHandler		CODE           	092C	0000	10

mcc_generated_files/tmr4.c estimated size: 124

mcc_generated_files/pwm4.c
		_PWM4_Initialize		CODE           	08E4	0000	22

mcc_generated_files/pwm4.c estimated size: 22

mcc_generated_files/dsm.c
		_DSM_ManualModulationSet		CODE           	095E	0000	6
		_DSM_ModulationStop		CODE           	0952	0000	6
		_DSM_ManualModulationClear		CODE           	0964	0000	6
		_DSM_ModulationStart		CODE           	0958	0000	6
		_DSM_Initialize		CODE           	089A	0000	28

mcc_generated_files/dsm.c estimated size: 52

mcc_generated_files/tmr2.c
		_TMR2_Initialize		CODE           	0860	0000	30

mcc_generated_files/tmr2.c estimated size: 30

mcc_generated_files/interrupt_manager.c
		_INTERRUPT_Initialize		CODE           	0976	0000	4
		_INTERRUPT_InterruptManager		CODE           	0008	0000	182

mcc_generated_files/interrupt_manager.c estimated size: 186

mcc_generated_files/tmr0.c
		_TMR0_SetInterruptHandler		CODE           	091E	0000	14
		_TMR0_StopTimer		CODE           	097A	0000	4
		_TMR0_DefaultInterruptHandler		CODE           	098A	0000	4
		_TMR0_WriteTimer		CODE           	094A	0000	8
		_TMR0_StartTimer		CODE           	097E	0000	4
		_TMR0_ISR      		CODE           	06CE	0000	52
		_TMR0_Initialize		CODE           	0816	0000	40

mcc_generated_files/tmr0.c estimated size: 126

mcc_generated_files/pin_manager.c
		_PIN_MANAGER_Initialize		CODE           	04B6	0000	132

mcc_generated_files/pin_manager.c estimated size: 132

mcc_generated_files/clc4.c
		_CLC4_Initialize		CODE           	0792	0000	44

mcc_generated_files/clc4.c estimated size: 44

mcc_generated_files/clc2.c
		_CLC2_Initialize		CODE           	07EA	0000	44

mcc_generated_files/clc2.c estimated size: 44

shared
		__initialization		CODE           	08CE	0000	12

shared estimated size: 12

mcc_generated_files/mcc.c
		_PMD_Initialize		CODE           	087E	0000	28
		_OSCILLATOR_Initialize		CODE           	08B6	0000	24
		_SYSTEM_Initialize		CODE           	05EC	0000	62

mcc_generated_files/mcc.c estimated size: 114

mcc_generated_files/pwm3.c
		_PWM3_Initialize		CODE           	08FA	0000	22

mcc_generated_files/pwm3.c estimated size: 22

mcc_generated_files/clc5.c
		_CLC5_ISR      		CODE           	0940	0000	10
		_CLC5_Initialize		CODE           	0732	0000	48

mcc_generated_files/clc5.c estimated size: 58

application.c
		_Prepare_IR_NEC_Data		CODE           	053A	0000	96
		_TMR4_UserInterruptHandler		CODE           	0936	0000	10
		_ClearEvent    		CODE           	096A	0000	6
		_GetButton     		CODE           	0986	0000	4
		_Reverse       		CODE           	059A	0000	82
		_ClearButton   		CODE           	0970	0000	6
		_GetEvent      		CODE           	0982	0000	4
		_SendIR_Frame  		CODE           	00C2	0000	644
		_ApplicationTask		CODE           	0346	0000	368
		_PrepareNewCMD 		CODE           	0664	0000	54
		_TMR0_UserInterruptHandler		CODE           	098E	0000	4

application.c estimated size: 1278

main.c
		_main          		CODE           	062A	0000	58

main.c estimated size: 58

mcc_generated_files/clc3.c
		_CLC3_Initialize		CODE           	07BE	0000	44

mcc_generated_files/clc3.c estimated size: 44

mcc_generated_files/clc1.c
		_CLC1_ISR      		CODE           	083E	0000	34
		_CLC1_Initialize		CODE           	0762	0000	48

mcc_generated_files/clc1.c estimated size: 82

